  25/110 patients
  50/110 patients
  75/110 patients
  100/110 patients
  110/110 patients

label contrast (surround - interior, 8-bit) over 110 patients:
  p0     -47.1
  p5     -18.4
  p10    -14.3
  p25     +2.0
  p50    +19.6
  p75    +34.8
  p90    +49.0
  p100   +79.8

lowest 15 (label interior no darker than its surroundings):
  P000 split=test  contrast= -47.1 texture=1.26 darkness_pct=96.2 area=0.013
  P008 split=train contrast= -40.1 texture=0.91 darkness_pct=94.3 area=0.024
  P055 split=train contrast= -30.3 texture=1.12 darkness_pct=90.6 area=0.029
  P049 split=train contrast= -24.6 texture=1.57 darkness_pct=86.2 area=0.051
  P019 split=test  contrast= -21.6 texture=1.27 darkness_pct=88.2 area=0.034
  P069 split=train contrast= -18.4 texture=0.99 darkness_pct=85.7 area=0.052
  P009 split=train contrast= -18.4 texture=1.14 darkness_pct=86.4 area=0.038
  P015 split=train contrast= -16.7 texture=1.09 darkness_pct=84.0 area=0.029
  P083 split=val   contrast= -14.7 texture=1.03 darkness_pct=90.9 area=0.022
  P039 split=train contrast= -14.5 texture=0.90 darkness_pct=89.3 area=0.023
  P014 split=val   contrast= -14.5 texture=1.20 darkness_pct=86.0 area=0.037
  P035 split=train contrast= -14.3 texture=1.03 darkness_pct=88.4 area=0.026
  P084 split=train contrast= -13.7 texture=1.06 darkness_pct=83.4 area=0.027
  P108 split=test  contrast= -12.2 texture=1.28 darkness_pct=85.0 area=0.037
  P032 split=val   contrast= -11.6 texture=1.30 darkness_pct=82.2 area=0.068

wrote /home/rosotauser/FR5-for-RUS/Unet_seg/experiments/pfus_label_audit/dataset_audit/label_appearance.csv
